[36mvite v7.3.1 [32mbuilding client environment for production...[36m[39m
transforming...
node.exe : 
[33m[vite:css][postcss] @import 
must precede all other statements 
(besides @charset or empty @layer)
At line:1 char:1
+ & "C:\nvm4w\nodejs/node.exe" "C:\
nvm4w\nodejs/node_modules/npm/bin/n
p ...
+ ~~~~~~~~~~~~~~~~~~~~~~~~~~~~~~~~~
~~~~~~~~~~~~~~~~~~~~~~~~~~~~~~~~~~~
~
    + CategoryInfo          : NotS 
   pecified: ([33m[vite:css]...r  
   empty @layer):String) [], Rem   
 oteException
    + FullyQualifiedErrorId : Nati 
   veCommandError
 
247 |  
248 |  /* Include enhanced print 
styles */
249 |  @import 
'./styles/print.css';
    |  
^^^^^^^^^^^^^^^^^^^^^^^^^^^^^[39m
[32mΓ£ô[39m 2167 modules transformed.
[31mΓ£ù[39m Build failed in 7.14s
[31merror during build:
[31m[vite]: Rollup failed to 
resolve import "html2canvas" from "
C:/Dev/Active/wave.sys/src/utils/pd
f/chartToImage.ts".
This is most likely unintended 
because it can break your 
application at runtime.
If you do want to externalize this 
module explicitly add it to
`build.rollupOptions.external`[31m
    at viteLog (file:///C:/Dev/Acti
ve/wave.sys/node_modules/.pnpm/vite
@7.3.1_@types+node@25.1.0_jiti@1.21
.7_tsx@4.21.0/node_modules/vite/dis
t/node/chunks/config.js:33635:57)
    at file:///C:/Dev/Active/wave.s
ys/node_modules/.pnpm/vite@7.3.1_@t
ypes+node@25.1.0_jiti@1.21.7_tsx@4.
21.0/node_modules/vite/dist/node/ch
unks/config.js:33669:73
    at onwarn (file:///C:/Dev/Activ
e/wave.sys/node_modules/.pnpm/@vite
js+plugin-react@4.7.0__a6528cf148ec
13b09d2575a3aa9e8d20/node_modules/@
vitejs/plugin-react/dist/index.js:9
0:7)
    at file:///C:/Dev/Active/wave.s
ys/node_modules/.pnpm/vite@7.3.1_@t
ypes+node@25.1.0_jiti@1.21.7_tsx@4.
21.0/node_modules/vite/dist/node/ch
unks/config.js:33669:28
    at onRollupLog (file:///C:/Dev/
Active/wave.sys/node_modules/.pnpm/
vite@7.3.1_@types+node@25.1.0_jiti@
1.21.7_tsx@4.21.0/node_modules/vite
/dist/node/chunks/config.js:33664:6
3)
    at onLog (file:///C:/Dev/Active
/wave.sys/node_modules/.pnpm/vite@7
.3.1_@types+node@25.1.0_jiti@1.21.7
_tsx@4.21.0/node_modules/vite/dist/
node/chunks/config.js:33467:4)
    at file:///C:/Dev/Active/wave.s
ys/node_modules/.pnpm/rollup@4.57.1
/node_modules/rollup/dist/es/shared
/node-entry.js:20958:32
    at Object.logger [as onLog] (fi
le:///C:/Dev/Active/wave.sys/node_m
odules/.pnpm/rollup@4.57.1/node_mod
ules/rollup/dist/es/shared/node-ent
ry.js:22945:9)
    at ModuleLoader.handleInvalidRe
solvedId (file:///C:/Dev/Active/wav
e.sys/node_modules/.pnpm/rollup@4.5
7.1/node_modules/rollup/dist/es/sha
red/node-entry.js:21689:26)
    at file:///C:/Dev/Active/wave.s
ys/node_modules/.pnpm/rollup@4.57.1
/node_modules/rollup/dist/es/shared
/node-entry.js:21647:26[39m
