src/pages/documents/CompanyManual/ManagementRoles.tsx(7,21): error TS7016: Could not find a declaration file for module 'react-mermaid2'. 'C:/Dev/Active/wave.sys/node_modules/.pnpm/react-mermaid2@0.1.4_@testi_01fc174e3336d6b1b8cdf303da955adf/node_modules/react-mermaid2/dist/Mermaid.js' implicitly has an 'any' type.
  Try `npm i --save-dev @types/react-mermaid2` if it exists or add a new declaration (.d.ts) file containing `declare module 'react-mermaid2';`
src/pages/documents/CompanyManual/OperationalPolicies.tsx(24,11): error TS6133: 'productRows' is declared but its value is never read.
src/pages/documents/CompanyManual/OperationalPolicies.tsx(25,11): error TS6133: 'faultRows' is declared but its value is never read.
src/pages/documents/CompanyManual/OperationalPolicies.tsx(26,11): error TS6133: 'notFaultRows' is declared but its value is never read.
src/pages/documents/ServiceDelivery/ServiceDocumentation.tsx(7,54): error TS6133: 'ShieldCheck' is declared but its value is never read.
src/pages/documents/ServiceDelivery/ServiceDocumentation.tsx(7,67): error TS6133: 'FileText' is declared but its value is never read.
src/utils/pdf/chartToImage.ts(6,25): error TS2307: Cannot find module 'html2canvas' or its corresponding type declarations.
